{\rtf1\ansi\ansicpg1252\cocoartf2709
\cocoatextscaling0\cocoaplatform0{\fonttbl\f0\fswiss\fcharset0 Helvetica;}
{\colortbl;\red255\green255\blue255;}
{\*\expandedcolortbl;;}
\paperw11900\paperh16840\margl1440\margr1440\vieww11520\viewh8400\viewkind0
\pard\tx720\tx1440\tx2160\tx2880\tx3600\tx4320\tx5040\tx5760\tx6480\tx7200\tx7920\tx8640\pardirnatural\partightenfactor0

\f0\fs24 \cf0 mari@iMac-de-dionisio-8 SDL % gcc -o test_exec test.cpp -F/Library/Frameworks -framework SDL3\
mari@iMac-de-dionisio-8 SDL % ./test_exec \
Random numbers, GO!\
169422656%                                                                                                                                                                                                                                      \
mari@iMac-de-dionisio-8 SDL % ./test_exec\
Let's just wait... \
14704448%                                                                                                                                                                                                                                       \
mari@iMac-de-dionisio-8 SDL % gcc -o test_exec test.cpp -F/Library/Frameworks -framework SDL3\
mari@iMac-de-dionisio-8 SDL % ./test_exec                                                    \
2025-05-17 19:34:33.516 test_exec[16784:181976] Collision detected, exiting...\
mari@iMac-de-dionisio-8 SDL % ./test_exec\
mari@iMac-de-dionisio-8 SDL % gcc -o test_exec test.cpp -F/Library/Frameworks -framework SDL3\
test.cpp:17:63: error: expected ';' after expression\
    if (keyboard[SDL_SCANCODE_SPACE]) printf("SDL3 on C++.\\n")\
                                                              ^\
                                                              ;\
1 error generated.\
mari@iMac-de-dionisio-8 SDL % gcc -o test_exec test.cpp -F/Library/Frameworks -framework SDL3\
mari@iMac-de-dionisio-8 SDL % ./test_exec                                                    \
SDL3 on C++.\
SDL3 on C++.\
SDL3 on C++.\
SDL3 on C++.\
SDL3 on C++.\
SDL3 on C++.\
SDL3 on C++.\
SDL3 on C++.\
SDL3 on C++.\
SDL3 on C++.\
SDL3 on C++.\
SDL3 on C++.\
SDL3 on C++.\
SDL3 on C++.\
SDL3 on C++.\
SDL3 on C++.\
SDL3 on C++.\
SDL3 on C++.\
SDL3 on C++.\
SDL3 on C++.\
SDL3 on C++.\
SDL3 on C++.\
SDL3 on C++.\
SDL3 on C++.\
SDL3 on C++.\
SDL3 on C++.\
SDL3 on C++.\
SDL3 on C++.\
SDL3 on C++.\
SDL3 on C++.\
SDL3 on C++.\
SDL3 on C++.\
SDL3 on C++.\
SDL3 on C++.\
SDL3 on C++.\
SDL3 on C++.\
SDL3 on C++.\
SDL3 on C++.\
SDL3 on C++.\
SDL3 on C++.\
SDL3 on C++.\
SDL3 on C++.\
SDL3 on C++.\
SDL3 on C++.\
SDL3 on C++.\
SDL3 on C++.\
SDL3 on C++.\
SDL3 on C++.\
SDL3 on C++.\
SDL3 on C++.\
SDL3 on C++.\
SDL3 on C++.\
SDL3 on C++.\
SDL3 on C++.\
SDL3 on C++.\
SDL3 on C++.\
SDL3 on C++.\
SDL3 on C++.\
SDL3 on C++.\
SDL3 on C++.\
SDL3 on C++.\
SDL3 on C++.\
SDL3 on C++.\
SDL3 on C++.\
SDL3 on C++.\
SDL3 on C++.\
SDL3 on C++.\
SDL3 on C++.\
SDL3 on C++.\
SDL3 on C++.\
SDL3 on C++.\
SDL3 on C++.\
SDL3 on C++.\
SDL3 on C++.\
SDL3 on C++.\
SDL3 on C++.\
SDL3 on C++.\
SDL3 on C++.\
SDL3 on C++.\
SDL3 on C++.\
SDL3 on C++.\
SDL3 on C++.\
SDL3 on C++.\
SDL3 on C++.\
SDL3 on C++.\
SDL3 on C++.\
SDL3 on C++.\
SDL3 on C++.\
SDL3 on C++.\
SDL3 on C++.\
SDL3 on C++.\
SDL3 on C++.\
SDL3 on C++.\
SDL3 on C++.\
SDL3 on C++.\
SDL3 on C++.\
SDL3 on C++.\
SDL3 on C++.\
SDL3 on C++.\
SDL3 on C++.\
SDL3 on C++.\
SDL3 on C++.\
SDL3 on C++.\
SDL3 on C++.\
SDL3 on C++.\
SDL3 on C++.\
SDL3 on C++.\
SDL3 on C++.\
SDL3 on C++.\
SDL3 on C++.\
SDL3 on C++.\
SDL3 on C++.\
SDL3 on C++.\
SDL3 on C++.\
SDL3 on C++.\
SDL3 on C++.\
SDL3 on C++.\
SDL3 on C++.\
SDL3 on C++.\
SDL3 on C++.\
SDL3 on C++.\
SDL3 on C++.\
SDL3 on C++.\
SDL3 on C++.\
SDL3 on C++.\
SDL3 on C++.\
SDL3 on C++.\
SDL3 on C++.\
SDL3 on C++.\
SDL3 on C++.\
SDL3 on C++.\
SDL3 on C++.\
SDL3 on C++.\
SDL3 on C++.\
SDL3 on C++.\
SDL3 on C++.\
SDL3 on C++.\
SDL3 on C++.\
SDL3 on C++.\
SDL3 on C++.\
SDL3 on C++.\
SDL3 on C++.\
SDL3 on C++.\
SDL3 on C++.\
SDL3 on C++.\
SDL3 on C++.\
SDL3 on C++.\
SDL3 on C++.\
SDL3 on C++.\
SDL3 on C++.\
SDL3 on C++.\
SDL3 on C++.\
SDL3 on C++.\
SDL3 on C++.\
SDL3 on C++.\
SDL3 on C++.\
SDL3 on C++.\
SDL3 on C++.\
SDL3 on C++.\
SDL3 on C++.\
SDL3 on C++.\
SDL3 on C++.\
SDL3 on C++.\
SDL3 on C++.\
SDL3 on C++.\
SDL3 on C++.\
SDL3 on C++.\
SDL3 on C++.\
SDL3 on C++.\
SDL3 on C++.\
SDL3 on C++.\
SDL3 on C++.\
SDL3 on C++.\
SDL3 on C++.\
SDL3 on C++.\
SDL3 on C++.\
SDL3 on C++.\
SDL3 on C++.\
SDL3 on C++.\
SDL3 on C++.\
SDL3 on C++.\
SDL3 on C++.\
SDL3 on C++.\
SDL3 on C++.\
SDL3 on C++.\
SDL3 on C++.\
SDL3 on C++.\
SDL3 on C++.\
SDL3 on C++.\
SDL3 on C++.\
SDL3 on C++.\
SDL3 on C++.\
SDL3 on C++.\
SDL3 on C++.\
SDL3 on C++.\
SDL3 on C++.\
SDL3 on C++.\
SDL3 on C++.\
SDL3 on C++.\
SDL3 on C++.\
SDL3 on C++.\
SDL3 on C++.\
SDL3 on C++.\
SDL3 on C++.\
SDL3 on C++.\
SDL3 on C++.\
SDL3 on C++.\
SDL3 on C++.\
SDL3 on C++.\
SDL3 on C++.\
SDL3 on C++.\
SDL3 on C++.\
SDL3 on C++.\
SDL3 on C++.\
SDL3 on C++.\
SDL3 on C++.\
SDL3 on C++.\
SDL3 on C++.\
SDL3 on C++.\
SDL3 on C++.\
SDL3 on C++.\
SDL3 on C++.\
SDL3 on C++.\
SDL3 on C++.\
SDL3 on C++.\
SDL3 on C++.\
SDL3 on C++.\
SDL3 on C++.\
SDL3 on C++.\
SDL3 on C++.\
SDL3 on C++.\
SDL3 on C++.\
SDL3 on C++.\
SDL3 on C++.\
SDL3 on C++.\
SDL3 on C++.\
SDL3 on C++.\
SDL3 on C++.\
SDL3 on C++.\
SDL3 on C++.\
SDL3 on C++.\
SDL3 on C++.\
SDL3 on C++.\
SDL3 on C++.\
SDL3 on C++.\
SDL3 on C++.\
SDL3 on C++.\
SDL3 on C++.\
SDL3 on C++.\
SDL3 on C++.\
SDL3 on C++.\
SDL3 on C++.\
SDL3 on C++.\
SDL3 on C++.\
SDL3 on C++.\
SDL3 on C++.\
SDL3 on C++.\
SDL3 on C++.\
SDL3 on C++.\
SDL3 on C++.\
SDL3 on C++.\
SDL3 on C++.\
SDL3 on C++.\
SDL3 on C++.\
SDL3 on C++.\
SDL3 on C++.\
SDL3 on C++.\
SDL3 on C++.\
SDL3 on C++.\
SDL3 on C++.\
SDL3 on C++.\
SDL3 on C++.\
SDL3 on C++.\
SDL3 on C++.\
SDL3 on C++.\
SDL3 on C++.\
SDL3 on C++.\
SDL3 on C++.\
SDL3 on C++.\
SDL3 on C++.\
SDL3 on C++.\
SDL3 on C++.\
SDL3 on C++.\
SDL3 on C++.\
SDL3 on C++.\
SDL3 on C++.\
SDL3 on C++.\
SDL3 on C++.\
SDL3 on C++.\
SDL3 on C++.\
SDL3 on C++.\
SDL3 on C++.\
SDL3 on C++.\
SDL3 on C++.\
SDL3 on C++.\
SDL3 on C++.\
SDL3 on C++.\
SDL3 on C++.\
SDL3 on C++.\
SDL3 on C++.\
SDL3 on C++.\
SDL3 on C++.\
SDL3 on C++.\
SDL3 on C++.\
SDL3 on C++.\
SDL3 on C++.\
SDL3 on C++.\
SDL3 on C++.\
SDL3 on C++.\
SDL3 on C++.\
SDL3 on C++.\
SDL3 on C++.\
SDL3 on C++.\
SDL3 on C++.\
SDL3 on C++.\
SDL3 on C++.\
SDL3 on C++.\
SDL3 on C++.\
SDL3 on C++.\
SDL3 on C++.\
SDL3 on C++.\
SDL3 on C++.\
SDL3 on C++.\
SDL3 on C++.\
SDL3 on C++.\
SDL3 on C++.\
SDL3 on C++.\
SDL3 on C++.\
SDL3 on C++.\
SDL3 on C++.\
SDL3 on C++.\
SDL3 on C++.\
SDL3 on C++.\
SDL3 on C++.\
SDL3 on C++.\
SDL3 on C++.\
SDL3 on C++.\
SDL3 on C++.\
SDL3 on C++.\
SDL3 on C++.\
SDL3 on C++.\
SDL3 on C++.\
SDL3 on C++.\
SDL3 on C++.\
SDL3 on C++.\
SDL3 on C++.\
SDL3 on C++.\
SDL3 on C++.\
SDL3 on C++.\
SDL3 on C++.\
SDL3 on C++.\
SDL3 on C++.\
SDL3 on C++.\
SDL3 on C++.\
SDL3 on C++.\
SDL3 on C++.\
SDL3 on C++.\
SDL3 on C++.\
SDL3 on C++.\
SDL3 on C++.\
SDL3 on C++.\
SDL3 on C++.\
SDL3 on C++.\
SDL3 on C++.\
SDL3 on C++.\
SDL3 on C++.\
SDL3 on C++.\
SDL3 on C++.\
SDL3 on C++.\
SDL3 on C++.\
SDL3 on C++.\
SDL3 on C++.\
SDL3 on C++.\
SDL3 on C++.\
SDL3 on C++.\
SDL3 on C++.\
SDL3 on C++.\
SDL3 on C++.\
SDL3 on C++.\
SDL3 on C++.\
SDL3 on C++.\
SDL3 on C++.\
SDL3 on C++.\
SDL3 on C++.\
SDL3 on C++.\
SDL3 on C++.\
SDL3 on C++.\
SDL3 on C++.\
SDL3 on C++.\
SDL3 on C++.\
SDL3 on C++.\
SDL3 on C++.\
SDL3 on C++.\
SDL3 on C++.\
SDL3 on C++.\
SDL3 on C++.\
SDL3 on C++.\
SDL3 on C++.\
SDL3 on C++.\
SDL3 on C++.\
SDL3 on C++.\
SDL3 on C++.\
SDL3 on C++.\
SDL3 on C++.\
SDL3 on C++.\
SDL3 on C++.\
SDL3 on C++.\
SDL3 on C++.\
SDL3 on C++.\
SDL3 on C++.\
SDL3 on C++.\
SDL3 on C++.\
SDL3 on C++.\
SDL3 on C++.\
SDL3 on C++.\
SDL3 on C++.\
SDL3 on C++.\
SDL3 on C++.\
SDL3 on C++.\
SDL3 on C++.\
SDL3 on C++.\
SDL3 on C++.\
SDL3 on C++.\
SDL3 on C++.\
SDL3 on C++.\
SDL3 on C++.\
SDL3 on C++.\
SDL3 on C++.\
SDL3 on C++.\
SDL3 on C++.\
SDL3 on C++.\
SDL3 on C++.\
SDL3 on C++.\
SDL3 on C++.\
SDL3 on C++.\
SDL3 on C++.\
SDL3 on C++.\
SDL3 on C++.\
SDL3 on C++.\
SDL3 on C++.\
SDL3 on C++.\
SDL3 on C++.\
SDL3 on C++.\
SDL3 on C++.\
SDL3 on C++.\
SDL3 on C++.\
SDL3 on C++.\
SDL3 on C++.\
SDL3 on C++.\
SDL3 on C++.\
SDL3 on C++.\
SDL3 on C++.\
SDL3 on C++.\
SDL3 on C++.\
SDL3 on C++.\
SDL3 on C++.\
SDL3 on C++.\
SDL3 on C++.\
SDL3 on C++.\
SDL3 on C++.\
SDL3 on C++.\
SDL3 on C++.\
SDL3 on C++.\
SDL3 on C++.\
SDL3 on C++.\
SDL3 on C++.\
SDL3 on C++.\
SDL3 on C++.\
SDL3 on C++.\
SDL3 on C++.\
SDL3 on C++.\
SDL3 on C++.\
SDL3 on C++.\
SDL3 on C++.\
SDL3 on C++.\
SDL3 on C++.\
SDL3 on C++.\
SDL3 on C++.\
SDL3 on C++.\
SDL3 on C++.\
SDL3 on C++.\
SDL3 on C++.\
SDL3 on C++.\
SDL3 on C++.\
SDL3 on C++.\
SDL3 on C++.\
SDL3 on C++.\
SDL3 on C++.\
SDL3 on C++.\
SDL3 on C++.\
SDL3 on C++.\
SDL3 on C++.\
SDL3 on C++.\
SDL3 on C++.\
SDL3 on C++.\
SDL3 on C++.\
SDL3 on C++.\
SDL3 on C++.\
SDL3 on C++.\
SDL3 on C++.\
SDL3 on C++.\
SDL3 on C++.\
SDL3 on C++.\
SDL3 on C++.\
SDL3 on C++.\
2025-05-17 19:35:56.140 test_exec[17174:183256] Collision detected, exiting...\
mari@iMac-de-dionisio-8 SDL % gcc -o test_exec test.cpp -F/Library/Frameworks -framework SDL3\
test.cpp:17:52: warning: format specifies type 'int' but the argument has type 'long' [-Wformat]\
    if (keyboard[SDL_SCANCODE_SPACE]) printf("%d", rand() % 10000000000);\
                                              ~~   ^~~~~~~~~~~~~~~~~~~~\
                                              %ld\
1 warning generated.\
mari@iMac-de-dionisio-8 SDL % gcc -o test_exec test.cpp -F/Library/Frameworks -framework SDL3\
mari@iMac-de-dionisio-8 SDL % ./test_exec                                                    \
410037817230567096108068328417747515091848238580214234385216622949621576662511116610204474129098613249654551436466442680331120112219721215671541302725324552017835781704217843100690868494311362833394728912773166121613762472193488894133356486612923841921451509186100659182170924168533625387613894186756749729021260940460125768262411747882467014000048921288452151262078535164435725391021883582725109071655678545147187613495805434518699120973178771155495811314525048481802364887208981487414235406333321076044225018751408076143265945461831893620151752937016003298181658056098120103561416067663453150993901807742281730573138170187734811178934431006688981872538497232591669747943343146197991021359420432014802830126901791417239822411120159163143735466157624232419009751451575045596198099999380419263839339278210265185099114367312106233210276002158133243318086179621165569118374338292152407158120336040981581833081210425071474097041604573001131329385069281308414302362161195621441805073908173019565632232636513854588212412201261885015793178167240756170681131531453429471072011057810585387606681159491324130406959027949784897359534715390905361054110437184151055673359412881289186921301637161257282403205374438877727088544873949421073941059232606203045905926277013611512975201029759170591659017116381310992586608736481804743110374420315147528259332111251830691565350270397516566239298945180798143119977894149398602531810965711614975846602507111168902040556183524192765612411781774261828773442123618804718557048519264253761174853682180118285615507726801974892768515503744112239341056968662212409576284136741321216571185720103208170426601146196319174667800716703142281064996412118498739890965604554358971850701728590799348174774175510143526191499277647193378287811193678881259345896227649240143240137372510740120578755291489880968770105156273416423112407095084681399110286180687405105261092676117147483292212606663804545198715161395181070428793122621303217093522124639751819178161601154143297161409297510472019211694199082918295601466303565996189052116688495210147238601296274193258762936547332776134950613115747477501196968622197230850531468443609144339%                 \
mari@iMac-de-dionisio-8 SDL % gcc -o test_exec test.cpp -F/Library/Frameworks -framework SDL3\
test.cpp:17:62: error: integer literal is too large to be represented in any integer type\
    if (keyboard[SDL_SCANCODE_SPACE]) printf("%ld", rand() % 999889893898989898998989998989898989899898989989898);\
                                                             ^\
test.cpp:17:53: warning: format specifies type 'long' but the argument has type 'unsigned long long' [-Wformat]\
    if (keyboard[SDL_SCANCODE_SPACE]) printf("%ld", rand() % 999889893898989898998989998989898989899898989989898);\
                                              ~~~   ^~~~~~~~~~~~~~~~~~~~~~~~~~~~~~~~~~~~~~~~~~~~~~~~~~~~~~~~~~~~\
                                              %llu\
1 warning and 1 error generated.\
mari@iMac-de-dionisio-8 SDL % gcc -o test_exec test.cpp -F/Library/Frameworks -framework SDL3\
test.cpp:17:63: error: integer literal is too large to be represented in any integer type\
    if (keyboard[SDL_SCANCODE_SPACE]) printf("%llu", rand() % 999889893898989898998989998989898989899898989989898);\
                                                              ^\
1 error generated.\
mari@iMac-de-dionisio-8 SDL % gcc -o test_exec test.cpp -F/Library/Frameworks -framework SDL3\
test.cpp:17:63: warning: integer literal is too large to be represented in type 'long' and is subject to undefined behavior under C++98, interpreting as 'unsigned long'; this literal will be ill-formed in C++11 onwards [-Wc++11-compat]\
    if (keyboard[SDL_SCANCODE_SPACE]) printf("%llu", rand() % 18446744073709551615);\
                                                              ^\
test.cpp:17:54: warning: format specifies type 'unsigned long long' but the argument has type 'unsigned long' [-Wformat]\
    if (keyboard[SDL_SCANCODE_SPACE]) printf("%llu", rand() % 18446744073709551615);\
                                              ~~~~   ^~~~~~~~~~~~~~~~~~~~~~~~~~~~~\
                                              %lu\
2 warnings generated.\
mari@iMac-de-dionisio-8 SDL % gcc -o test_exec test.cpp -F/Library/Frameworks -framework SDL3\
test.cpp:17:54: warning: format specifies type 'unsigned long long' but the argument has type 'long' [-Wformat]\
    if (keyboard[SDL_SCANCODE_SPACE]) printf("%llu", rand() % 9223372036854775807);\
                                              ~~~~   ^~~~~~~~~~~~~~~~~~~~~~~~~~~~\
                                              %ld\
1 warning generated.\
mari@iMac-de-dionisio-8 SDL % gcc -o test_exec test.cpp -F/Library/Frameworks -framework SDL3\
mari@iMac-de-dionisio-8 SDL % ./test_exec                                                    \
7201226682031330231201965605812328423241458713212919639932116696797426259096728748778421164635854843441871245113029977919521895378418442451868043853738954061461673181293200711763395293075510622788381688872755159303088613914738534041315414730756652931237212757703301395204662529384493340424330615278702118686764518563961791808156837650870762860147038177883970916816804619712298604370561736243529838954860398684592971896539667198203517929892118910041731906482255716526267881449356186864760281320450912678833864172761938421200794481126611512596366585110250423812998217501900494966209461173124581970118806615261613950936629283272699102915341074651055498373801291990444525593460336381981490048187432270730411870619761184471788137874134709220088672118417339129552004635917449192362036933092169766041711108944777839162794687268089214448601675658894698484700128673839817003799681721231547213388533912339876732198007545193996382869081111701235491051605140537173170248216202135646454061469024517026056454734792401338674545206439184314879043691909144115143197097828699531728202165744158027020835975057434906193901357116741460013265832087087537022079163252765862603198327215017613399631926167893193528277351024834984179917231273538112510642586245964296921156672096829222120208688420955920591883924813625440723683077444350244462453446443388294681727720479167169946642466948413318586071325555168610354598184783051414495729001917238732321453994175590495377426799715188084061622251400207909668016714804231337882954164502378812103334381108988082823371585216078271653906408176672488151210566246866284019938183317698613298452890891169393918948739199393638618163461996629947249116291725610867166715268838732055155508871644608168198905118627346969654297061738115657289797058126242410423416348187554811895642838179137442851760156431686519787434818099277251703919389107873817812956096721184923718139706979521133319141537440865124537735133100364511956157857100135169586207551116709491954816347160053364578880919310995538201104270305927454314128834547214473520316130684171007324791203993168155533821260539922216720466813002448007871292578203923119267990934865279129038270124704654116823588197467446564366210201510631820747734362025162513143803468828490271816189322636148394442101260116814267847894721261903107526540901178609800505748672377655478144144186128542051117315446263762950245112795318251630188584297785891604841990110214724564673152618062197301737918436595803450184972069872810126471991735450701379727624116713088546018064182449886877987111101734837313149098752083541495162522822213662209616974403882145833657185905481166307880482880476718332901681248642014737448887437482510491919157802898882100236677489124600149751484209705375068076168619162690339213835721891160871688503246182514406447500072511404691761573891557183931840039725023558041122539561716173780317814804134465632527804815574841818251692663890634183233947312140247318715237701861529850429358076760285718236833660545888311699270956044137337839602211207260002993356758809159928168445709239342684322280118815555699959989873879538610635774609869081909091798328334819461660879491409482168762999028174163936817264567579417187227517707402602101911167148729710436420061992249793429283700157357562782445018496975204413692064251965107370140856037719620153589807222211061377622157452097216804780707535453341125362179107366332418240718701846858165416545417821342991746661919986034716154167913123483550959843515513653977032289424791693032776643543482421403976135556826197090876212830795939828532527492957615040591356918731081834861298648664566147836859055509634083522381216534914921226693897120131567920188515065956387421479058127140672646412820850471524709316309464464266903620264336011326374234149149497821269674629293458728675060739080894281707921694177348525620411608791887116175575570682135010628692413460049514461339637856644028576818017388611581304801261706021123956446962117093611019132852105092914159646613111455780991540214538127661175150458188094735157928401272239994021778507425549409382191852730022137139511473591611409752514119449072811285333408362726472101392161581991365188834311718587591617206060181565059093156846759587310224047358772910145655217825542678228658041108811481711132487120236570933935289319349898662029811341113991945307206491668806849707302745131524907013419409191127764839652980651100436518739938373815560876911109969471664576082615212166553072501452808934165998593514235513685125307495473903261692653341574119910138227997750148019316517729231731285095145265846289188091406598314699798715068382311510004415182994630617942562553108286421416756590129330194399119794141494817719475876083679925907337415531143180197204086491712078501353571796709019203251356921137164470206698119078196738669710625036201171816535147977108265190930103539298578990725422731222434974766754629743011283150851311030585727870904125943021616448154802004268176306747190191497894871376144734498758752780928095127517790228196217017521433403209736181617122801608619485097326930222481821104455212250029810116481691142743084147158555736929400020069145951835438383175779757337127763216231664891074412782161312309819263483586733907341517118197113219614821155470161119545331381736320210165522970840794756302626196941994582585826745541620189841074214247973152125809155789032946565203197826408087166397306018631681861808645195%                                                                                                                                                                      \
mari@iMac-de-dionisio-8 SDL % gcc -o test_exec test.cpp -F/Library/Frameworks -framework SDL3\
mari@iMac-de-dionisio-8 SDL % ./test_exec                                                    \
315252755610896136110519574214387728911551532918569153006862408104112587032561531360114419317021931591191134066307133505462413539217126254899729075501791766997459374939050883593052699005959453687761563235479573541481303682112209606043596273302140668981258820046110179208861341599000726638974202921917689889302514761453061379342510765730621413727059751610205813903781195749952424502782813681967092719608718181010452794501521912015510299382862173576713102102276567922480018556297951812442831181861156926989243259664216011636352778452731011638085038484530456589112351895442713933257793431692631843814202796266804188557037136504661821252128941505092554880677065108213633142630867496443752694931926122451822911420856028238759282055649687587376473141206083281207046178279872218062777101280637978160138601282155833210858385711937418051426286361138240151339665209813599292696627690621619480459990115661548509097438075286115738988634493947613394098791538248499371526416150951188321418955705704703291527819295596923886160363686514050202054444030231334832951480811597812525696270861399184968500068252102814207589698253209905730029571144025151120962126620244151601762174699923190316490291437433428120361882216480716008560466442896214952234398206104563964412068133072075688481224454652142805203299326295213800461331611969731186906201220819310152063508534167451553580940281014716075727393001057648319312578038458020184714801958601201252172951489357151838753799115705834602402724010571333494567887737135913577104112025128302863050411118370583925553026518773535021850566390463657229161637648777148245919469114745328141791098463128199846584477090410501932114292025842102590151212665790165412250016610470852078430242120807519218093532061430891722147529254839566597413486539061363040571644718297370913495194556687115563916751924061265%                                                                                                        \
mari@iMac-de-dionisio-8 SDL % }